Ident "z" = VString "str"
Ident "y" = VInt 7
Ident "x" = VInt 5
Ident "c" = VInt 3
Ident "b" = VList (fromList [VInt 2])
Ident "a" = VBoolean False


