Interpreter tried to get value of non-existent variable
