Right (VInt 0,fromList [(Ident "x",VInt 5),(Ident "y",VInt 7)])
