Ident "i" = VBoolean False
Ident "h" = VBoolean True
Ident "g" = VBoolean True
Ident "f" = VBoolean False
Ident "e" = VBoolean True
Ident "d" = VBoolean False
Ident "c" = VBoolean True
Ident "b" = VBoolean False
Ident "a" = VBoolean True


