Ident "i" = False
Ident "h" = True
Ident "g" = True
Ident "f" = False
Ident "e" = True
Ident "d" = False
Ident "c" = True
Ident "b" = False
Ident "a" = True


