Right (OK,
Ident "y" = VInt 3
Ident "x" = VInt 1
)
