Right (OK,
Ident "result" = VString "prefix sufix"
)
