Right (OK,fromList [(Ident "x",VInt 1),(Ident "y",VInt 2)])
