Ident "v" = False
Ident "l2" = [1,False,str]
Ident "l" = [1,2,3,4]

3
4
str
[1,2,3,4]

