Ident "l" = [1,True,str,[1],(1,2)]

[1,True,str,[1],(1,2)]
([1,True,str,[1],(1,2)],([1,True,str,[1],(1,2)],[1,True,str,[1],(1,2)]))
[[1,True,str,[1],(1,2)],[[1,True,str,[1],(1,2)],[1,True,str,[1],(1,2)]]]
[[1,True,str,[1],(1,2)],([1,True,str,[1],(1,2)],[1,True,str,[1],(1,2)])]
([1,True,str,[1],(1,2)],[[1,True,str,[1],(1,2)],[1,True,str,[1],(1,2)]])

