Ident "l2" = [[1,2,3],[1,2,3]]
Ident "l" = [1,2,3]

[[1,2,3],[1,2,3]]

