Ident "z" = VBoolean False
Ident "y" = VString "str"
Ident "x" = VInt 3

3
str
False

