Right (OK,fromList [(Ident "i",VInt 2),(Ident "x",VInt 10)])
